// Jest Snapshot v1, https://goo.gl/fbAQLP

exports[`Posts component renders a Posts 1`] = `
<ul>
  <li
    key="title1-0"
  >
    <Post
      post={
        Object {
          "postBody": "things about things",
          "title": "title1",
        }
      }
    />
  </li>
  <li
    key="title2-1"
  >
    <Post
      post={
        Object {
          "postBody": "things",
          "title": "title2",
        }
      }
    />
  </li>
  <li
    key="title3-2"
  >
    <Post
      post={
        Object {
          "postBody": "things things",
          "title": "title3",
        }
      }
    />
  </li>
  <li
    key="title4-3"
  >
    <Post
      post={
        Object {
          "postBody": "about",
          "title": "title4",
        }
      }
    />
  </li>
</ul>
`;
